[27-Jul-2025 11:38:27 America/Vancouver] PHP Fatal error:  Uncaught Error: Access to undeclared static property PDOService::$_host in C:\xampp\htdocs\demo\20250725_PHP_Recap_Assignment3\DaoOrders-PHP\inc\Utility\PDOService.class.php:31
Stack trace:
#0 C:\xampp\htdocs\demo\20250725_PHP_Recap_Assignment3\DaoOrders-PHP\inc\Utility\PurchaseDAO.class.php(17): PDOService->__construct('Purchase')
#1 C:\xampp\htdocs\demo\20250725_PHP_Recap_Assignment3\DaoOrders-PHP\App.php(14): PurchaseDAO::initialize('Purchase')
#2 {main}
  thrown in C:\xampp\htdocs\demo\20250725_PHP_Recap_Assignment3\DaoOrders-PHP\inc\Utility\PDOService.class.php on line 31
[27-Jul-2025 11:41:53 America/Vancouver] PHP Fatal error:  Uncaught Error: Access to undeclared static property PDOService::$_host in C:\xampp\htdocs\demo\20250725_PHP_Recap_Assignment3\DaoOrders-PHP\inc\Utility\PDOService.class.php:34
Stack trace:
#0 C:\xampp\htdocs\demo\20250725_PHP_Recap_Assignment3\DaoOrders-PHP\inc\Utility\PurchaseDAO.class.php(17): PDOService->__construct('Purchase')
#1 C:\xampp\htdocs\demo\20250725_PHP_Recap_Assignment3\DaoOrders-PHP\App.php(14): PurchaseDAO::initialize('Purchase')
#2 {main}
  thrown in C:\xampp\htdocs\demo\20250725_PHP_Recap_Assignment3\DaoOrders-PHP\inc\Utility\PDOService.class.php on line 34
[27-Jul-2025 11:41:57 America/Vancouver] PHP Fatal error:  Uncaught Error: Access to undeclared static property PDOService::$_host in C:\xampp\htdocs\demo\20250725_PHP_Recap_Assignment3\DaoOrders-PHP\inc\Utility\PDOService.class.php:34
Stack trace:
#0 C:\xampp\htdocs\demo\20250725_PHP_Recap_Assignment3\DaoOrders-PHP\inc\Utility\PurchaseDAO.class.php(17): PDOService->__construct('Purchase')
#1 C:\xampp\htdocs\demo\20250725_PHP_Recap_Assignment3\DaoOrders-PHP\App.php(14): PurchaseDAO::initialize('Purchase')
#2 {main}
  thrown in C:\xampp\htdocs\demo\20250725_PHP_Recap_Assignment3\DaoOrders-PHP\inc\Utility\PDOService.class.php on line 34
[27-Jul-2025 11:44:46 America/Vancouver] PHP Fatal error:  Uncaught Error: Access to undeclared static property PDOService::$_host in C:\xampp\htdocs\demo\20250725_PHP_Recap_Assignment3\DaoOrders-PHP\inc\Utility\PDOService.class.php:34
Stack trace:
#0 C:\xampp\htdocs\demo\20250725_PHP_Recap_Assignment3\DaoOrders-PHP\inc\Utility\PurchaseDAO.class.php(17): PDOService->__construct('Purchase')
#1 C:\xampp\htdocs\demo\20250725_PHP_Recap_Assignment3\DaoOrders-PHP\App.php(14): PurchaseDAO::initialize('Purchase')
#2 {main}
  thrown in C:\xampp\htdocs\demo\20250725_PHP_Recap_Assignment3\DaoOrders-PHP\inc\Utility\PDOService.class.php on line 34
[27-Jul-2025 11:44:48 America/Vancouver] PHP Fatal error:  Uncaught Error: Access to undeclared static property PDOService::$_host in C:\xampp\htdocs\demo\20250725_PHP_Recap_Assignment3\DaoOrders-PHP\inc\Utility\PDOService.class.php:34
Stack trace:
#0 C:\xampp\htdocs\demo\20250725_PHP_Recap_Assignment3\DaoOrders-PHP\inc\Utility\PurchaseDAO.class.php(17): PDOService->__construct('Purchase')
#1 C:\xampp\htdocs\demo\20250725_PHP_Recap_Assignment3\DaoOrders-PHP\App.php(14): PurchaseDAO::initialize('Purchase')
#2 {main}
  thrown in C:\xampp\htdocs\demo\20250725_PHP_Recap_Assignment3\DaoOrders-PHP\inc\Utility\PDOService.class.php on line 34
[27-Jul-2025 11:45:15 America/Vancouver] PHP Fatal error:  Uncaught Error: Access to undeclared static property PDOService::$_host in C:\xampp\htdocs\demo\20250725_PHP_Recap_Assignment3\DaoOrders-PHP\inc\Utility\PDOService.class.php:34
Stack trace:
#0 C:\xampp\htdocs\demo\20250725_PHP_Recap_Assignment3\DaoOrders-PHP\inc\Utility\CustomerDAO.class.php(17): PDOService->__construct('Customer')
#1 C:\xampp\htdocs\demo\20250725_PHP_Recap_Assignment3\DaoOrders-PHP\App.php(15): CustomerDAO::initialize('Customer')
#2 {main}
  thrown in C:\xampp\htdocs\demo\20250725_PHP_Recap_Assignment3\DaoOrders-PHP\inc\Utility\PDOService.class.php on line 34
[27-Jul-2025 11:46:36 America/Vancouver] PHP Fatal error:  Uncaught Error: Access to undeclared static property CustomerDAO::$db in C:\xampp\htdocs\demo\20250725_PHP_Recap_Assignment3\DaoOrders-PHP\inc\Utility\CustomerDAO.class.php:17
Stack trace:
#0 C:\xampp\htdocs\demo\20250725_PHP_Recap_Assignment3\DaoOrders-PHP\App.php(15): CustomerDAO::initialize('Customer')
#1 {main}
  thrown in C:\xampp\htdocs\demo\20250725_PHP_Recap_Assignment3\DaoOrders-PHP\inc\Utility\CustomerDAO.class.php on line 17
[27-Jul-2025 15:29:29 America/Vancouver] PHP Fatal error:  Uncaught Error: Call to a member function rowCount() on null in C:\xampp\htdocs\demo\20250725_PHP_Recap_Assignment3\DaoOrders-PHP\inc\Utility\PDOService.class.php:114
Stack trace:
#0 C:\xampp\htdocs\demo\20250725_PHP_Recap_Assignment3\DaoOrders-PHP\inc\Utility\PurchaseDAO.class.php(51): PDOService->rowCount()
#1 C:\xampp\htdocs\demo\20250725_PHP_Recap_Assignment3\DaoOrders-PHP\App.php(42): PurchaseDAO::deletePurchase('P111S')
#2 {main}
  thrown in C:\xampp\htdocs\demo\20250725_PHP_Recap_Assignment3\DaoOrders-PHP\inc\Utility\PDOService.class.php on line 114
[27-Jul-2025 15:31:13 America/Vancouver] PHP Fatal error:  Uncaught PDOException: SQLSTATE[42000]: Syntax error or access violation: 1064 You have an error in your SQL syntax; check the manual that corresponds to your MariaDB server version for the right syntax to use near '* FROM purchase WHERE PurchaseID='P111S'' at line 1 in C:\xampp\htdocs\demo\20250725_PHP_Recap_Assignment3\DaoOrders-PHP\inc\Utility\PDOService.class.php:90
Stack trace:
#0 C:\xampp\htdocs\demo\20250725_PHP_Recap_Assignment3\DaoOrders-PHP\inc\Utility\PDOService.class.php(90): PDOStatement->execute()
#1 C:\xampp\htdocs\demo\20250725_PHP_Recap_Assignment3\DaoOrders-PHP\inc\Utility\PurchaseDAO.class.php(55): PDOService->execute()
#2 C:\xampp\htdocs\demo\20250725_PHP_Recap_Assignment3\DaoOrders-PHP\App.php(42): PurchaseDAO::deletePurchase('P111S')
#3 {main}
  thrown in C:\xampp\htdocs\demo\20250725_PHP_Recap_Assignment3\DaoOrders-PHP\inc\Utility\PDOService.class.php on line 90
[27-Jul-2025 15:36:45 America/Vancouver] PHP Fatal error:  Uncaught Error: Object of class Purchase could not be converted to string in C:\xampp\htdocs\demo\20250725_PHP_Recap_Assignment3\DaoOrders-PHP\inc\Entity\Page.class.php:126
Stack trace:
#0 C:\xampp\htdocs\demo\20250725_PHP_Recap_Assignment3\DaoOrders-PHP\App.php(49): Page::editPurchaseForm(Object(Purchase), Array)
#1 {main}
  thrown in C:\xampp\htdocs\demo\20250725_PHP_Recap_Assignment3\DaoOrders-PHP\inc\Entity\Page.class.php on line 126
[27-Jul-2025 15:39:18 America/Vancouver] PHP Fatal error:  Uncaught Error: Object of class Purchase could not be converted to string in C:\xampp\htdocs\demo\20250725_PHP_Recap_Assignment3\DaoOrders-PHP\inc\Entity\Page.class.php:124
Stack trace:
#0 C:\xampp\htdocs\demo\20250725_PHP_Recap_Assignment3\DaoOrders-PHP\App.php(49): Page::editPurchaseForm(Object(Purchase), Array)
#1 {main}
  thrown in C:\xampp\htdocs\demo\20250725_PHP_Recap_Assignment3\DaoOrders-PHP\inc\Entity\Page.class.php on line 124
[27-Jul-2025 15:39:52 America/Vancouver] PHP Fatal error:  Uncaught Error: Object of class Purchase could not be converted to string in C:\xampp\htdocs\demo\20250725_PHP_Recap_Assignment3\DaoOrders-PHP\inc\Entity\Page.class.php:124
Stack trace:
#0 C:\xampp\htdocs\demo\20250725_PHP_Recap_Assignment3\DaoOrders-PHP\App.php(49): Page::editPurchaseForm(Object(Purchase), Array)
#1 {main}
  thrown in C:\xampp\htdocs\demo\20250725_PHP_Recap_Assignment3\DaoOrders-PHP\inc\Entity\Page.class.php on line 124
[27-Jul-2025 15:40:05 America/Vancouver] PHP Fatal error:  Uncaught Error: Object of class Purchase could not be converted to string in C:\xampp\htdocs\demo\20250725_PHP_Recap_Assignment3\DaoOrders-PHP\inc\Entity\Page.class.php:124
Stack trace:
#0 C:\xampp\htdocs\demo\20250725_PHP_Recap_Assignment3\DaoOrders-PHP\App.php(49): Page::editPurchaseForm(Object(Purchase), Array)
#1 {main}
  thrown in C:\xampp\htdocs\demo\20250725_PHP_Recap_Assignment3\DaoOrders-PHP\inc\Entity\Page.class.php on line 124
[27-Jul-2025 15:41:21 America/Vancouver] PHP Fatal error:  Uncaught TypeError: Page::editPurchaseForm(): Argument #1 ($purchaseToEdit) must be of type Purchase, bool given, called in C:\xampp\htdocs\demo\20250725_PHP_Recap_Assignment3\DaoOrders-PHP\App.php on line 49 and defined in C:\xampp\htdocs\demo\20250725_PHP_Recap_Assignment3\DaoOrders-PHP\inc\Entity\Page.class.php:118
Stack trace:
#0 C:\xampp\htdocs\demo\20250725_PHP_Recap_Assignment3\DaoOrders-PHP\App.php(49): Page::editPurchaseForm(false, Array)
#1 {main}
  thrown in C:\xampp\htdocs\demo\20250725_PHP_Recap_Assignment3\DaoOrders-PHP\inc\Entity\Page.class.php on line 118
